0.033264160156250 3500027
0.033874511718750 3500008
0.033447265625000 3500000
0.032653808593750 3499998
0.033996582031250 3500010
0.033325195312500 3499985
0.033203125000000 3500015
0.033813476562500 3499982
0.033813476562500 3499993
0.033325195312500 3500005
0.033752441406250 3500000
0.032775878906250 3499984
0.033935546875000 3500027
0.034240722656250 3499987
0.033447265625000 3500028
0.033935546875000 3499976
0.033813476562500 3500020
0.033996582031250 3499965
0.067626953125000 3500018
0.034484863281250 3499991
0.033630371093750 3500016
0.033813476562500 3500001
0.034301757812500 3499968
0.033386230468750 3500016
0.033569335937500 3499998
0.033081054687500 3499999
0.033508300781250 3500011
0.033996582031250 3499986
0.033996582031250 3500010
0.033813476562500 3499996
0.033630371093750 3500007
0.034423828125000 3499979
0.033630371093750 3500028
0.033630371093750 3499987
0.033569335937500 3499999
0.034484863281250 3499985
0.033691406250000 3500024
0.067749023437500 3499974
0.034057617187500 3500013
0.034057617187500 3500015
0.033874511718750 3499999
0.034057617187500 3499988
0.033142089843750 3499995
0.033996582031250 3500008
0.034301757812500 3499999
0.033813476562500 3499998
0.033386230468750 3500006
0.034729003906250 3499996
0.033569335937500 3499978
0.033447265625000 3500028
0.034484863281250 3499993
0.033996582031250 3500008
0.033691406250000 3499989
0.033935546875000 3500008
0.033569335937500 3499983
0.032958984375000 3499987
0.033935546875000 3500001
0.067199707031250 3500027
0.033630371093750 3499989
0.033630371093750 3499991
0.033691406250000 3499999
0.033264160156250 3499990
0.033325195312500 3500009
0.032958984375000 3500012
0.033813476562500 3499992
0.033508300781250 3500001
0.033508300781250 3500004
0.033508300781250 3500000
0.032592773437500 3499995
0.033813476562500 3499999
0.033447265625000 3500003
0.033996582031250 3500002
0.033203125000000 3499989
0.034545898437500 3500016
0.033813476562500 3499977
0.033569335937500 3500002
0.068115234375000 3500010
0.033752441406250 3499992
0.033630371093750 3500016
0.034484863281250 3499984
0.032897949218750 3500003
0.033081054687500 3500000
0.033447265625000 3499995
0.033447265625000 3499989
0.033630371093750 3500025
0.033691406250000 3499981
0.034057617187500 3500017
0.033630371093750 3499972
0.033569335937500 3500030
0.032958984375000 3499992
0.034362792968750 3500001
0.033142089843750 3499984
0.033203125000000 3499994
0.033813476562500 3500009
0.033203125000000 3499991
0.033447265625000 3500017
0.067077636718750 3500010
0.033081054687500 3499994
0.033996582031250 3499970
0.033142089843750 3500039
0.033203125000000 3499991
0.034118652343750 3499985
0.033142089843750 3500002
0.033874511718750 3499983
0.033691406250000 3499984
0.033691406250000 3499924
0.033142089843750 3500096
0.033020019531250 3500007
0.033630371093750 3500017
0.034057617187500 3499980
0.033630371093750 3500029
0.033264160156250 3499987
0.033264160156250 3499987
0.033569335937500 3499989
0.033264160156250 3500025
0.067443847656250 3499990
0.033264160156250 3500022
0.033630371093750 3499977
0.033508300781250 3500011
0.032714843750000 3499996
0.033386230468750 3499993
0.033691406250000 3499983
0.033630371093750 3500001
0.033691406250000 3500023
0.032958984375000 3499991
0.033874511718750 3499993
0.033813476562500 3500006
0.033325195312500 3500017
0.034057617187500 3499969
0.033325195312500 3500014
0.033264160156250 3500014
0.033569335937500 3499985
0.032897949218750 3500002
0.033691406250000 3500003
0.033752441406250 3499998
0.067687988281250 3500004
0.033996582031250 3499972
0.033569335937500 3500009
0.033386230468750 3500015
0.033447265625000 3500003
0.033630371093750 3499974
0.033996582031250 3500024
0.034301757812500 3500005
0.033081054687500 3499986
0.033325195312500 3500010
0.034362792968750 3499998
0.033996582031250 3499991
0.033142089843750 3500001
0.033996582031250 3499984
0.033996582031250 3500012
0.034240722656250 3499977
0.033813476562500 3500009
0.033630371093750 3499997
0.033508300781250 3500000
0.066528320312500 3500023
0.033996582031250 3499978
0.033630371093750 3499992
0.033996582031250 3500034
0.033996582031250 3499982
0.033630371093750 3499997
0.033935546875000 3500005
0.033081054687500 3500000
0.033264160156250 3500004
0.033142089843750 3500005
0.033508300781250 3499974
0.033752441406250 3500014
0.033508300781250 3500008
0.032958984375000 3499981
0.033447265625000 3500007
0.033508300781250 3500006
0.033142089843750 3499975
0.033813476562500 3500035
0.033508300781250 3499984
0.034423828125000 3500006
0.066833496093750 3500008
0.033752441406250 3499989
0.033386230468750 3500010
0.033325195312500 3499985
0.033752441406250 3500007
0.034057617187500 3499985
0.034301757812500 3499996
0.033630371093750 3500021
0.033630371093750 3499989
0.034057617187500 3499988
0.033996582031250 3500016
0.033569335937500 3500002
0.034301757812500 3500000
0.033569335937500 3499987
0.033691406250000 3500002
0.033508300781250 3500005
0.033935546875000 3499983
0.033142089843750 3500010
0.034057617187500 3499991
0.033569335937500 3500009
0.067138671875000 3500001
0.033020019531250 3500011
0.034179687500000 3499992
0.033081054687500 3499980
0.033142089843750 3500014
0.033630371093750 3500025
0.033874511718750 3499990
0.032714843750000 3499978
0.033935546875000 3500015
0.033691406250000 3499983
0.033081054687500 3500005
0.033630371093750 3499987
0.033508300781250 3500026
0.032897949218750 3499997
0.034240722656250 3499983
0.033142089843750 3500018
0.033081054687500 3499983
0.033142089843750 3499989
0.033996582031250 3500005
0.033142089843750 3500005
0.067810058593750 3499995
0.033813476562500 3500026
0.032836914062500 3499971
0.034240722656250 3500014
0.033203125000000 3499997
0.033142089843750 3499991
0.033630371093750 3499992
0.033447265625000 3500028
0.033142089843750 3499997
0.033325195312500 3499996
0.033447265625000 3499983
0.034057617187500 3500024
0.032714843750000 3499988
0.033447265625000 3499978
0.033142089843750 3500022
0.033996582031250 3500008
0.033447265625000 3500008
0.033081054687500 3499980
0.033325195312500 3500005
0.033508300781250 3499992
0.066223144531250 3500007
0.033935546875000 3499990
0.033142089843750 3499995
0.033508300781250 3500018
0.033264160156250 3499985
0.033081054687500 3499994
0.033935546875000 3500022
0.033142089843750 3499998
0.033142089843750 3499990
0.033447265625000 3500000
0.033508300781250 3500007
0.033142089843750 3500008
0.033935546875000 3499961
0.032897949218750 3500001
0.033935546875000 3500012
0.033203125000000 3500001
0.033447265625000 3500001
0.033264160156250 3499994
0.033508300781250 3500010
0.032836914062500 3499990
0.066894531250000 3499994
0.033447265625000 3500004
0.032958984375000 3500004
0.033203125000000 3499996
0.033386230468750 3500019
0.033264160156250 3499994
0.033752441406250 3499985
0.033081054687500 3499994
0.033020019531250 3499996
0.033447265625000 3500011
0.033203125000000 3500025
0.033447265625000 3499975
0.033447265625000 3499997
0.033752441406250 3499997
0.033142089843750 3500001
0.033142089843750 3500002
0.033996582031250 3500014
0.033081054687500 3499990
0.033569335937500 3499997
0.033142089843750 3499991
0.066650390625000 3500017
0.033508300781250 3499987
0.033081054687500 3499999
0.033691406250000 3499964
0.033203125000000 3500047
0.034301757812500 3500007
0.032958984375000 3499973
0.033569335937500 3500017
0.033935546875000 3500000
0.032897949218750 3500003
0.033264160156250 3499974
0.033996582031250 3500006
0.033081054687500 3500003
0.033142089843750 3499998
0.033752441406250 3499993
0.033081054687500 3500009
0.033874511718750 3500023
0.032714843750000 3499973
0.033447265625000 3499994
0.066589355468750 3500032
0.033569335937500 3499996
0.033813476562500 3499984
0.033325195312500 3500013
0.033508300781250 3499999
0.033447265625000 3499981
0.032653808593750 3500014
0.033264160156250 3499987
0.034240722656250 3499988
0.032592773437500 3500000
0.033935546875000 3500017
0.033142089843750 3499999
0.033142089843750 3499985
0.033935546875000 3500022
0.033203125000000 3499989
0.032897949218750 3500002
0.034057617187500 3499987
0.032897949218750 3500017
0.033447265625000 3500002
0.033325195312500 3499992
0.033752441406250 3499989
0.066772460937500 3500000
0.033264160156250 3500017
0.033386230468750 3499983
0.033996582031250 3500022
0.033874511718750 3499988
0.033630371093750 3499993
0.033447265625000 3499999
0.033447265625000 3499988
0.033508300781250 3500005
0.033508300781250 3500021
0.034118652343750 3500007
0.032958984375000 3499994
0.033752441406250 3499977
0.033325195312500 3500010
0.033081054687500 3499987
0.033447265625000 3500011
0.033142089843750 3499991
0.033996582031250 3500016
0.033142089843750 3500005
0.067260742187500 3499994
0.034362792968750 3499993
0.032653808593750 3500005
0.033752441406250 3500003
0.032897949218750 3499990
0.033569335937500 3499991
0.033447265625000 3500007
0.033081054687500 3500000
0.034179687500000 3500000
0.032653808593750 3499984
0.033935546875000 3500023
0.033447265625000 3499996
0.033081054687500 3499976
0.033508300781250 3500000
0.033264160156250 3500026
0.033508300781250 3499992
0.033325195312500 3499990
0.033630371093750 3499998
0.033813476562500 3500014
0.033813476562500 3499994
0.068054199218750 3499992
0.033081054687500 3500017
0.033264160156250 3499992
0.033264160156250 3499992
0.033691406250000 3500008
0.033264160156250 3500004
0.033264160156250 3500005
0.033447265625000 3499981
0.033813476562500 3500008
0.033203125000000 3500000
0.034179687500000 3499992
0.033203125000000 3499999
0.033752441406250 3499977
0.033264160156250 3500004
0.033813476562500 3500008
0.033508300781250 3500016
0.033081054687500 3500012
0.033508300781250 3499970
0.033569335937500 3500010
0.033081054687500 3499992
0.066711425781250 3500012
0.033447265625000 3499984
0.033569335937500 3499998
0.033569335937500 3500007
0.033691406250000 3499982
0.032653808593750 3500026
0.033874511718750 3500008
0.033325195312500 3499984
0.033569335937500 3499996
0.033142089843750 3500015
0.033020019531250 3499986
0.033935546875000 3500016
0.033142089843750 3500007
0.033142089843750 3499988
0.033752441406250 3500004
0.033447265625000 3499976
0.033447265625000 3500019
0.033081054687500 3499988
0.033020019531250 3500003
0.033935546875000 3500014
0.066040039062500 3499988
0.033752441406250 3500012
0.033691406250000 3499977
0.033203125000000 3500025
0.032836914062500 3499988
0.033935546875000 3499977
0.033264160156250 3499997
0.034301757812500 3500013
0.033996582031250 3500006
0.032714843750000 3500005
0.033508300781250 3500003
0.033447265625000 3499998
0.033142089843750 3499999
0.034057617187500 3499996
0.033081054687500 3499994
0.033752441406250 3500007
0.032653808593750 3499981
0.033508300781250 3499999
0.034057617187500 3500002
0.032653808593750 3500026
0.033508300781250 3499985
0.067016601562500 3499998
0.033081054687500 3500010
0.034057617187500 3499988
0.033874511718750 3500010
0.032836914062500 3499998
0.033081054687500 3499985
0.033996582031250 3500004
0.033752441406250 3499981
0.033081054687500 3500030
0.033874511718750 3499992
0.034118652343750 3500002
0.032958984375000 3499981
0.033630371093750 3500007
0.033081054687500 3500024
0.033447265625000 3499997
0.033935546875000 3499982
0.033569335937500 3500009
0.033691406250000 3499975
0.033874511718750 3500019
0.033691406250000 3499980
0.066345214843750 3500017
0.033935546875000 3499987
0.033081054687500 3500008
0.033874511718750 3500003
0.033325195312500 3500012
0.033447265625000 3499991
0.033081054687500 3499993
0.033142089843750 3500003
0.033935546875000 3500001
0.033081054687500 3499996
0.033142089843750 3499991
0.033508300781250 3499996
0.033508300781250 3500001
0.033081054687500 3500005
0.033935546875000 3500010
0.033447265625000 3500000
0.033264160156250 3499997
0.033508300781250 3500009
0.033447265625000 3499997
0.033691406250000 3499999
0.067810058593750 3499987
0.033874511718750 3499996
0.032653808593750 3500009
0.033569335937500 3500013
0.033264160156250 3499997
0.033996582031250 3499994
0.033081054687500 3500005
0.033325195312500 3500004
0.033691406250000 3499972
0.033874511718750 3499996
0.034301757812500 3500005
0.033508300781250 3499996
0.033691406250000 3500022
0.033630371093750 3499991
0.034057617187500 3499996
0.033996582031250 3500010
0.034057617187500 3499986
0.034057617187500 3500003
0.033630371093750 3499985
0.067810058593750 3500003
0.033996582031250 3500002
0.033020019531250 3500013
0.034484863281250 3499979
0.033142089843750 3500018
0.033752441406250 3499984
0.034423828125000 3499999
0.033935546875000 3500029
0.032714843750000 3499974
0.034301757812500 3500014
0.033630371093750 3499994
0.034423828125000 3500009
0.033142089843750 3499991
0.034667968750000 3500013
0.033142089843750 3499960
0.034423828125000 3500034
0.033142089843750 3499986
0.033325195312500 3500010
0.033325195312500 3500006
0.034179687500000 3499996
0.066650390625000 3499988
0.033386230468750 3499998
0.033813476562500 3500014
0.033996582031250 3499987
0.033996582031250 3500004
0.033813476562500 3499994
0.033996582031250 3499998
0.033996582031250 3499994
0.033996582031250 3500023
0.033264160156250 3500001
0.033264160156250 3499990
0.033813476562500 3499979
0.033813476562500 3500015
0.033447265625000 3499975
0.033996582031250 3500026
0.033813476562500 3499983
0.033996582031250 3500018
0.034057617187500 3499991
0.033630371093750 3500004
0.034545898437500 3499990
0.067016601562500 3500008
0.033813476562500 3499990
0.034057617187500 3500006
0.033630371093750 3499987
0.034118652343750 3500016
0.033569335937500 3500003
0.034484863281250 3499980
0.033325195312500 3499999
0.033386230468750 3499997
0.033630371093750 3500014
0.034057617187500 3500000
0.033996582031250 3499999
0.034057617187500 3499999
0.034301757812500 3500001
0.033081054687500 3499993
0.034545898437500 3499999
0.033996582031250 3500008
0.033691406250000 3499984
0.033935546875000 3499996
0.033508300781250 3500039
0.067810058593750 3499958
0.033996582031250 3500032
0.033996582031250 3499976
0.033630371093750 3500012
0.034240722656250 3499993
0.033630371093750 3499989
0.033447265625000 3500026
0.033874511718750 3499998
0.033386230468750 3499994
0.034057617187500 3499996
0.033020019531250 3499984
0.034484863281250 3500031
0.033691406250000 3499992
0.033752441406250 3499982
0.033630371093750 3500002
0.034729003906250 3500009
0.033752441406250 3500022
0.033630371093750 3499952
0.033630371093750 3500038
0.034057617187500 3499984
0.067138671875000 3499989
0.033081054687500 3500011
0.033996582031250 3500013
0.033569335937500 3499989
0.033996582031250 3499989
0.033996582031250 3500008
0.033691406250000 3499984
0.034301757812500 3500001
0.033630371093750 3500017
0.033813476562500 3499986
0.034423828125000 3499989
0.033935546875000 3500030
0.032836914062500 3499977
0.033874511718750 3499985
0.034423828125000 3500004
0.033691406250000 3500026
0.033630371093750 3499969
0.034301757812500 3500031
0.033569335937500 3499969
0.033996582031250 3500003
0.067749023437500 3500017
0.033630371093750 3499999
0.033569335937500 3499996
0.034423828125000 3499984
0.033142089843750 3500012
0.034423828125000 3499999
0.034057617187500 3500018
0.033203125000000 3499994
0.034057617187500 3499998
0.034484863281250 3499994
0.033142089843750 3499999
0.034729003906250 3499997
0.033691406250000 3499987
0.033508300781250 3499999
0.034301757812500 3500023
0.034057617187500 3499990
0.033203125000000 3499993
0.033996582031250 3500014
0.034057617187500 3499976
0.033874511718750 3500003
0.067932128906250 3500021
0.033630371093750 3499985
0.033691406250000 3500003
0.034545898437500 3499988
0.033142089843750 3500029
0.034057617187500 3499985
0.034301757812500 3499996
0.033691406250000 3500009
0.033996582031250 3499997
0.033813476562500 3499998
0.033569335937500 3499997
0.033996582031250 3499990
0.033813476562500 3499997
0.033630371093750 3499998
0.034301757812500 3500007
0.033447265625000 3499985
0.034057617187500 3500028
0.033447265625000 3499989
0.034057617187500 3499986
0.067321777343750 3500004
0.034423828125000 3500003
0.033752441406250 3499992
0.033752441406250 3499996
0.033996582031250 3500000
0.033630371093750 3500009
0.033630371093750 3499991
0.034545898437500 3500013
0.033569335937500 3499989
0.033996582031250 3500018
0.033630371093750 3500007
0.033996582031250 3499989
0.033996582031250 3500009
0.033813476562500 3500005
0.033691406250000 3499989
0.033691406250000 3499997
0.034057617187500 3499999
0.033996582031250 3500009
0.033630371093750 3499975
0.033996582031250 3500019
0.067565917968750 3500007
0.034484863281250 3499999
0.034057617187500 3499975
0.033203125000000 3500008
0.034240722656250 3500007
0.033752441406250 3499984
0.033996582031250 3500014
0.033569335937500 3499988
0.033935546875000 3500003
0.033264160156250 3500007
0.033508300781250 3499992
0.033874511718750 3500017
0.033264160156250 3500000
0.033142089843750 3499980
0.034362792968750 3500007
0.033630371093750 3499998
0.033630371093750 3499999
0.034301757812500 3499982
0.033386230468750 3500015
0.034057617187500 3499988
0.067810058593750 3500004
0.033691406250000 3500014
0.033630371093750 3499998
0.034057617187500 3500001
0.033630371093750 3499992
0.034484863281250 3500010
0.033813476562500 3499979
0.033508300781250 3500017
0.033996582031250 3499990
0.033935546875000 3500010
0.033874511718750 3499994
0.033630371093750 3500013
0.033996582031250 3499980
0.033630371093750 3500011
0.034484863281250 3500002
0.034057617187500 3499990
0.033142089843750 3499992
0.034484863281250 3499998
0.033447265625000 3500001
0.033813476562500 3500001
0.067687988281250 3500003
0.034667968750000 3500011
0.033996582031250 3499980
0.033203125000000 3500021
0.033996582031250 3499989
0.033691406250000 3500006
0.034484863281250 3499989
0.033630371093750 3500011
0.034301757812500 3499992
0.033142089843750 3499979
0.034423828125000 3500027
0.033630371093750 3499979
0.033996582031250 3499997
0.033996582031250 3499997
0.033813476562500 3500030
0.033813476562500 3499996
0.033813476562500 3499998
0.034301757812500 3499995
0.033325195312500 3499997
0.033508300781250 3499993
0.067565917968750 3499995
0.034057617187500 3499996
0.033752441406250 3500027
0.033691406250000 3499997
0.033691406250000 3500005
0.034423828125000 3499991
0.033203125000000 3499977
0.034545898437500 3500009
0.033447265625000 3500001
0.033691406250000 3500007
0.034545898437500 3499991
0.033813476562500 3500007
0.033386230468750 3500017
0.034667968750000 3499990
0.033203125000000 3499988
0.034545898437500 3500002
0.033447265625000 3499982
0.033630371093750 3500013
0.034484863281250 3500002
0.033630371093750 3500008
0.068115234375000 3500005
0.033630371093750 3499993
0.033813476562500 3499996
0.033996582031250 3500010
0.034301757812500 3499982
0.033630371093750 3499993
0.033813476562500 3500005
0.033569335937500 3500014
0.033813476562500 3499994
0.034057617187500 3499996
0.033447265625000 3500000
0.033935546875000 3499973
0.033142089843750 3500015
0.033386230468750 3500005
0.034240722656250 3500013
0.032775878906250 3499978
0.034240722656250 3500019
0.032592773437500 3499991
0.034301757812500 3499992
0.033447265625000 3500019
0.067382812500000 3499992
0.033508300781250 3499996
0.033142089843750 3500009
0.033447265625000 3499987
0.033630371093750 3500010
0.033935546875000 3499996
0.033081054687500 3499993
0.034545898437500 3500013
0.033508300781250 3499979
0.033569335937500 3500009
0.034057617187500 3499991
0.033691406250000 3500018
0.034423828125000 3499987
0.033447265625000 3500002
0.033752441406250 3500001
0.033447265625000 3500012
0.033630371093750 3499982
0.033874511718750 3500022
0.033508300781250 3499973
0.033996582031250 3500019
0.067321777343750 3499989
0.033935546875000 3499986
0.033508300781250 3499992
0.033203125000000 3500009
0.034179687500000 3499999
0.032775878906250 3500009
0.033996582031250 3499987
0.033142089843750 3500008
0.033081054687500 3500000
0.033996582031250 3499999
0.033142089843750 3500019
0.033569335937500 3499991
0.033447265625000 3499990
0.034240722656250 3500019
0.033996582031250 3499984
0.033813476562500 3500001
0.033874511718750 3500012
0.033142089843750 3499970
0.034484863281250 3500009
0.066955566406250 3500001
0.033874511718750 3500005
0.033752441406250 3499984
0.033691406250000 3500006
0.034667968750000 3500020
0.033447265625000 3500004
0.033691406250000 3499991
0.034484863281250 3499984
0.033752441406250 3500004
0.033630371093750 3500007
0.033447265625000 3499995
0.033874511718750 3499990
0.034118652343750 3500028
0.033203125000000 3499986
0.033447265625000 3500000
0.033874511718750 3499994
0.033630371093750 3499985
0.033447265625000 3500008
0.034423828125000 3500015
0.033447265625000 3500001
0.067626953125000 3499986
0.033996582031250 3500011
0.034484863281250 3499993
0.033203125000000 3500005
0.033813476562500 3499978
0.033996582031250 3500030
0.033996582031250 3499966
0.034484863281250 3500022
0.033630371093750 3499998
0.033630371093750 3499982
0.033630371093750 3499993
0.034301757812500 3500023
0.033569335937500 3499998
0.034606933593750 3499999
0.033630371093750 3499998
0.033630371093750 3499985
0.034484863281250 3500010
0.033447265625000 3500010
0.033996582031250 3499988
0.034057617187500 3499992
0.067260742187500 3500010
0.034301757812500 3500020
0.033691406250000 3499957
0.033813476562500 3500011
0.033691406250000 3500013
0.034484863281250 3499988
0.033508300781250 3499995
0.033630371093750 3500024
0.034667968750000 3499994
0.033691406250000 3499980
0.033813476562500 3500021
0.033630371093750 3500000
0.034545898437500 3500002
0.033142089843750 3499995
0.033996582031250 3499998
0.034545898437500 3500009
0.033691406250000 3500011
0.033752441406250 3499987
0.033447265625000 3499985
0.034484863281250 3500011
0.067993164062500 3499972
0.033142089843750 3500001
0.033996582031250 3500009
0.034484863281250 3500015
0.033569335937500 3499984
0.033569335937500 3500013
0.034057617187500 3500002
0.033813476562500 3499998
0.034057617187500 3499993
0.033752441406250 3500005
0.034484863281250 3500001
0.033142089843750 3499990
0.034484863281250 3499998
0.033813476562500 3500011
0.033752441406250 3499996
0.033630371093750 3499984
0.034484863281250 3500007
0.033508300781250 3500016
0.033813476562500 3499987
0.068542480468750 3499986
0.033630371093750 3500007
0.034057617187500 3500014
0.034118652343750 3499996
0.033630371093750 3499996
0.033630371093750 3499976
0.034484863281250 3500026
0.033813476562500 3499979
0.034240722656250 3500018
0.033813476562500 3500007
0.033813476562500 3500000
0.033813476562500 3500002
0.033691406250000 3499986
0.034057617187500 3500008
0.034057617187500 3500007
0.033752441406250 3499988
0.034301757812500 3500007
0.033630371093750 3499984
0.034729003906250 3499988
0.033142089843750 3500007
0.067871093750000 3499996
0.033996582031250 3500005
0.034057617187500 3500012
0.034057617187500 3499997
0.033996582031250 3500003
0.034057617187500 3500013
0.033752441406250 3499995
0.034179687500000 3499992
0.033630371093750 3499993
0.033996582031250 3500012
0.033996582031250 3500007
0.034057617187500 3499975
0.033996582031250 3499997
0.033996582031250 3500019
0.033691406250000 3500001
0.033508300781250 3499988
0.033996582031250 3499994
0.034057617187500 3500009
0.033691406250000 3500008
0.067749023437500 3499975
0.034301757812500 3500004
0.033569335937500 3500001
0.034240722656250 3500000
0.033996582031250 3500002
0.033996582031250 3499991
0.033874511718750 3500011
0.033691406250000 3499992
0.034057617187500 3500013
0.033813476562500 3499993
0.033996582031250 3499997
0.034057617187500 3499994
0.033691406250000 3500017
0.033996582031250 3500003
0.033508300781250 3499977
0.033386230468750 3500002
0.034057617187500 3500019
0.034057617187500 3499963
0.033630371093750 3500019
0.068115234375000 3500005
0.033935546875000 3499994
0.033874511718750 3500002
0.033630371093750 3500002
0.034484863281250 3500002
0.033996582031250 3500001
0.033142089843750 3500003
0.034423828125000 3499979
0.033630371093750 3499994
0.033386230468750 3500003
0.034484863281250 3500012
0.033630371093750 3500006
0.033508300781250 3500010
0.034301757812500 3499997
0.033264160156250 3499990
0.033691406250000 3499992
0.033996582031250 3500001
0.033996582031250 3500009
0.033935546875000 3499987
0.033813476562500 3500009
0.066772460937500 3499996
0.033325195312500 3499994
0.033813476562500 3500012
0.033996582031250 3499994
0.034057617187500 3499995
0.033874511718750 3499997
0.033264160156250 3499983
0.034240722656250 3500011
0.033142089843750 3500011
0.033142089843750 3499997
0.033935546875000 3499983
0.032958984375000 3500023
0.034301757812500 3499981
0.033142089843750 3500009
0.033630371093750 3500011
0.033630371093750 3499994
0.034240722656250 3499994
0.033630371093750 3499992
0.033935546875000 3499995
0.067749023437500 3500006
0.033996582031250 3499991
0.034057617187500 3500007
0.033203125000000 3500004
0.034545898437500 3499997
0.033691406250000 3500011
0.034057617187500 3499984
0.033996582031250 3499990
0.033752441406250 3500001
0.034057617187500 3500028
0.033447265625000 3499996
0.034057617187500 3499980
0.034057617187500 3499997
0.034057617187500 3500017
0.033142089843750 3499982
0.034301757812500 3500011
0.033630371093750 3499995
0.033996582031250 3500010
0.033996582031250 3499983
0.034057617187500 3499988
0.067382812500000 3500011
0.034118652343750 3499992
0.033630371093750 3500007
0.034484863281250 3500002
0.033813476562500 3499993
0.033386230468750 3500002
0.034301757812500 3499999
0.034057617187500 3500021
0.033447265625000 3499996
0.034423828125000 3499989
0.033142089843750 3499996
0.033813476562500 3500014
0.033996582031250 3499992
0.033996582031250 3499985
0.033996582031250 3500030
0.033813476562500 3499964
0.033813476562500 3500028
0.034118652343750 3500006
0.034423828125000 3499978
0.033630371093750 3499996
0.067687988281250 3500003
0.033630371093750 3500008
0.034057617187500 3499984
0.033691406250000 3499994
0.034301757812500 3500014
0.033691406250000 3500011
0.034484863281250 3499985
0.032775878906250 3500007
0.034057617187500 3500001
0.034240722656250 3499995
0.034057617187500 3499999
0.033996582031250 3500002
0.033630371093750 3499976
0.033569335937500 3500015
0.033874511718750 3499996
0.033996582031250 3499991
0.033630371093750 3500021
0.034484863281250 3500005
0.033996582031250 3500007
0.033996582031250 3499984
0.067687988281250 3500006
0.033996582031250 3500010
0.033996582031250 3499992
0.033813476562500 3499989
0.033935546875000 3499985
0.033325195312500 3500007
0.033691406250000 3500008
0.033813476562500 3499987
0.034057617187500 3500032
0.033203125000000 3499994
0.034545898437500 3499992
0.033691406250000 3499981
0.034057617187500 3500026
0.033264160156250 3499967
0.034301757812500 3499991
0.033630371093750 3500039
0.034545898437500 3499999
0.033447265625000 3500005
0.034057617187500 3499978
0.067321777343750 3499992
0.034545898437500 3500003
0.033508300781250 3499998
0.033691406250000 3500015
0.034118652343750 3499972
0.033935546875000 3500011
0.033691406250000 3500007
0.033813476562500 3499998
0.033630371093750 3499999
0.034667968750000 3500013
0.033142089843750 3499992
0.034545898437500 3499997
0.034057617187500 3499991
0.033142089843750 3500008
0.034484863281250 3499987
0.033447265625000 3500009
0.033691406250000 3499999
0.034362792968750 3500013
0.033325195312500 3499987
0.033142089843750 3500001
0.034423828125000 3499996
0.067810058593750 3499999
0.033630371093750 3500007
0.033630371093750 3499989
0.033691406250000 3499996
0.034240722656250 3500017
0.033691406250000 3499987
0.033691406250000 3500016
0.033996582031250 3499995
0.033691406250000 3500000
0.034118652343750 3499981
0.033508300781250 3500004
0.033447265625000 3500005
0.035095214843750 3499987
0.033630371093750 3500002
0.032897949218750 3500003
0.033813476562500 3499999
0.033874511718750 3500010
0.033691406250000 3499978
0.034240722656250 3500012
0.066711425781250 3499996
0.033447265625000 3500006
0.034057617187500 3499991
0.034057617187500 3500017
0.033508300781250 3500008
0.033630371093750 3499977
0.033813476562500 3499987
0.033630371093750 3500007
0.034301757812500 3500019
0.033325195312500 3499979
0.034118652343750 3499992
0.032714843750000 3500025
0.033020019531250 3500009
0.034240722656250 3499992
0.033691406250000 3499993
0.033691406250000 3500003
0.033996582031250 3499995
0.033569335937500 3500002
0.033813476562500 3499996
0.033752441406250 3499998
0.067260742187500 3499988
0.033142089843750 3500021
0.033508300781250 3499990
0.033508300781250 3500007
0.032958984375000 3499994
0.033752441406250 3499988
0.033996582031250 3500008
0.033813476562500 3499990
0.033203125000000 3499997
0.034057617187500 3500005
0.033081054687500 3500027
0.033447265625000 3499976
0.033569335937500 3500000
0.033203125000000 3500004
0.034240722656250 3500008
0.033447265625000 3499975
0.033447265625000 35